// Jest Snapshot v1, https://goo.gl/fbAQLP

exports[`The Bridge route item should render correctly 1`] = `
<DocumentFragment>
  <div
    aria-expanded="false"
    aria-label="select route"
    class="sc-iqseJM ibXHyJ sc-crHmcD gYEbqi"
    role="button"
    tabindex="0"
  >
    <div
      class="sc-bdvvtL sc-jRQBWg fGXmcv gzSVnD sc-egiyK ixpTqd"
    >
      <div
        class="sc-gKclnd konHGI"
      >
        <div
          class="sc-iCfMLu gYGgwA"
        >
          <svg
            class="amount__icon"
            height="3.2rem"
            name="ethCoin"
            width="2.8rem"
          />
          <span
            class="amount__number"
          >
            0.0001
          </span>
        </div>
        <div
          class="sc-furwcr fhgROL"
        >
          <svg
            class="arrow__icon"
            height="1.8rem"
            name="doubleArrowRight"
            width="2.1rem"
          />
        </div>
        <div
          class="sc-pVTFL joWhdh"
        >
          <svg
            class="chain__icon chain__icon--sm"
            height="2.6rem"
            name="polygonChain"
            width="2.6rem"
          />
          <p
            class="chain__name"
          >
            Polygon
          </p>
          <div
            class="chain__group"
          >
            <span>
              <svg
                class="network__icon"
                height="2.6rem"
                name="polygonChain"
                width="2.6rem"
              />
            </span>
            <span>
              Polygon
            </span>
          </div>
        </div>
        <div
          class="sc-furwcr fhgROL"
        >
          <svg
            class="arrow__icon"
            height="1.8rem"
            name="doubleArrowRight"
            width="2.1rem"
          />
        </div>
        <div
          class="sc-iCfMLu fRazBy"
        >
          <svg
            class="amount__icon"
            height="3.2rem"
            name="ethCoin"
            width="2.8rem"
          />
          <span
            class="amount__number"
          >
            0.0001
          </span>
        </div>
      </div>
    </div>
  </div>
</DocumentFragment>
`;
